// Jest Snapshot v1, https://goo.gl/fbAQLP

exports[`the messageList component should render correctly 1`] = `
<div>
  <div
    class="makeStyles-messageListContainer-1"
  >
    <div
      class="makeStyles-messageInfoContainer-2"
    >
      <div>
        olivia (You)
      </div>
      <div>
        9:48 pm
      </div>
    </div>
    <div>
      <div
        class="makeStyles-messageContainer-3 makeStyles-isLocalParticipant-4"
      >
        <div>
          This is a message
        </div>
      </div>
    </div>
    <div
      class="makeStyles-messageInfoContainer-2"
    >
      <div>
        tim
      </div>
      <div>
        9:48 pm
      </div>
    </div>
    <div>
      <div
        class="makeStyles-messageContainer-3"
      >
        <div>
          Hi Olivia!
        </div>
      </div>
    </div>
    <div>
      <div
        class="makeStyles-messageContainer-3"
      >
        <div>
          That is pretty rad double line message! How did you do that?
        </div>
      </div>
    </div>
    <div
      class="makeStyles-messageInfoContainer-2"
    >
      <div>
        tim
      </div>
      <div>
        9:49 pm
      </div>
    </div>
    <div>
      <div
        class="makeStyles-messageContainer-3"
      >
        <div>
          ðŸ˜‰
        </div>
      </div>
    </div>
    <div
      class="makeStyles-messageInfoContainer-2"
    >
      <div>
        olivia (You)
      </div>
      <div>
        9:49 pm
      </div>
    </div>
    <div>
      <div
        class="makeStyles-messageContainer-3 makeStyles-isLocalParticipant-4"
      >
        <div>
          Magic
        </div>
      </div>
    </div>
    <div
      class="makeStyles-messageInfoContainer-2"
    >
      <div>
        olivia (You)
      </div>
      <div>
        9:50 pm
      </div>
    </div>
    <div>
      <div
        class="makeStyles-messageContainer-3 makeStyles-isLocalParticipant-4"
      >
        <div>
          lots of magic
        </div>
      </div>
    </div>
    <div
      class="makeStyles-messageInfoContainer-2"
    >
      <div>
        tim
      </div>
      <div>
        9:50 pm
      </div>
    </div>
    <div>
      <div
        class="makeStyles-messageContainer-3"
      >
        <div>
          look at this app: 
          <a
            class="MuiTypography-root MuiLink-root MuiLink-underlineHover MuiTypography-colorPrimary"
            href="http://github.com/twilio/twilio-video-app-react"
            rel="noreferrer"
            target="_blank"
          >
            github.com/twilio/twilio-video-app-react
          </a>
          . Neat huh?
        </div>
      </div>
    </div>
  </div>
</div>
`;
